commands.are
social.are
toc.are
skills.are
masters.are
spells.are
olc.hlp
limbo.are
school.are
astral.are
connect.are
valhalla.are
camelot.are
arena.are
uargo.are
smurf.are
plains.are
ratslair.are
newthalo.are
olympus.are
shire.are
htower.are
ultima.are
gnome.are
rome.are
catacomb.are
hood.are
draconia.are
mahntor.are
haven.are
trollden.are
midennir.are
emerald.are
eastern.are
drow1.are
oldthalo.are
wyvern.are
mirror.are
haon.are
landoz.are
arac.are
dwarves.are
daycare.are
sewer.are
redfern.are
marsh.are
grove.are
dylan.are
canyon.are
galaxy.are
mobfact.are
dresden.are
moria.are
firenewt.are
kerofk.are
pirate.are
voyage.are
glitter.are
pyramid.are
froboz.are
ancala.are
whouse.are
lakes.are
solace.are
hell.are
tarin.are
dkforest.are
highland.are
ag.are
mountain.are
underdrk.are
mushroom.are
faerie.are
chess.are
korzath1.are
korzath2.are
sea.are
world.are
lud.are
abyss.are
gelidia.are
icekeep.are
azeroth.are
tritia.are
temple.are
nschool.are
elturel.are
mithal.are
hyrule.are
sephir.are
flamev.are
locura.are
sinistra.are
dozer.are
chthon.are
nimue.are
evermeet.are
mortuary.are
$
