commands.are
skills.are
spells.are
masters.are
toc.are
tdespair.are
limbo.are
school.are
astral.are
connect.are
valhalla.are
camelot.are
arena.are
uargo.are
social.are
smurf.are
plains.are
ratslair.are
newthalo.are
ofcol.are
olympus.are
shire.are
htower.are
ultima.are
gnome.are
rome.are
catacomb.are
hood.are
draconia.are
mahntor.are
haven.are
trollden.are
midennir.are
emerald.are
eastern.are
drow1.are
oldthalo.are
wyvern.are
mirror.are
haon.are
landoz.are
arac.are
dwarves.are
daycare.are
sewer.are
valley.are
redfern.are
mega1.are
marsh.are
grove.are
dylan.are
canyon.are
galaxy.are
mobfact.are
dresden.are
club.are
moria.are
firenewt.are
kerofk.are
pirate.are
voyage.are
glitter.are
pyramid.are
froboz.are
ancala.are
whouse.are
campus.are
lakes.are
solace.are
hell.are
tarin.are
dkforest.are
highland.are
ag.are
mountain.are
underdrk.are
mushroom.are
faerie.are
coven.are
crypt.are
chess.are
prison.are
korzath1.are
korzath2.are
quest1.are
sea.are
world.are
lud.are
mid_ruin.are
abyss.are
gelidia.are
icekeep.are
azeroth.are
tritia.are
forsaken.are

$
